Traceback (most recent call last):
  File "D:\Syllabus Optimizer\test_optimization.py", line 63, in test_optimization
    print(f"  {status_icon} {level.capitalize()}: {data['current']:.1f}% (recommended: {data['recommended_min']}-{data['recommended_max']}%)")
    ~~~~~^^^^^^^^^^^^^^^^^^^^^^^^^^^^^^^^^^^^^^^^^^^^^^^^^^^^^^^^^^^^^^^^^^^^^^^^^^^^^^^^^^^^^^^^^^^^^^^^^^^^^^^^^^^^^^^^^^^^^^^^^^^^^^^^^^^^^
  File "C:\Python313\Lib\encodings\cp1252.py", line 19, in encode
    return codecs.charmap_encode(input,self.errors,encoding_table)[0]
           ~~~~~~~~~~~~~~~~~~~~~^^^^^^^^^^^^^^^^^^^^^^^^^^^^^^^^^^
UnicodeEncodeError: 'charmap' codec can't encode character '\u26a0' in position 2: character maps to <undefined>
============================================================
SYLLABUS OPTIMIZATION TEST
============================================================

=== PARSED SYLLABUS DATA ===
Course Title: Design and Analysis of Algorithm
Course Code: MSCCS24101
Number of Units: 25
Number of Learning Outcomes: 5
Number of Objectives: 1

=== LEARNING OUTCOMES ===
1. [CO1] Analyze worst-case running times of algorithms using asymptotic analysis....
   Bloom Level: analyze
2. [CO2] Compare between different data structures. Pick an appropriate data structure for a design situation...
   Bloom Level: understand
3. [CO3] Ability to design algorithms using standard paradigms like: Greedy, Divide and Conquer, Dynamic...
   Bloom Level: create
4. [CO4] Able to Explain the major graph algorithms and Employ graphs to model engineering problems, when...
   Bloom Level: understand
5. [CO5] Able to Compare between different data structures and pick an appropriate data structure for a desig...
   Bloom Level: understand

=== BLOOM ANALYSIS ===
Total Outcomes: 5
Level Counts: {'analyze': 1, 'understand': 3, 'create': 1}
Is Balanced: False

Bloom Level Comparison:
Bloom analysis error: 'charmap' codec can't encode character '\u26a0' in position 2: character maps to <undefined>

=== CO-PO MAPPING ===
Mapping Matrix:
  CO1: PO2:2, PO4:1
  CO2: PO1:1, PO2:1, PO3:1, PO4:1
  CO3: PO3:2, PO4:1
  CO4: PO1:2, PO2:2
  CO5: PO1:1, PO2:1, PO3:1, PO4:1

=== UNITS ===

Unit I: Introduction to Algorithms (10 hours)
  - Algorithm definition and characteristics, Space complexity, Time complexity- wor
  - case, average case, Complexity, asymptotic notation, Recursive and non-recursive
  - Sorting algorithms : insertion sort, heap sort, bubble sort, Sorting in linear t
  ... and 1 more topics

Unit II: Divide and Conquer strategy and Greedy (14 hours)
  - General method, control abstraction, Binary search, Merge sort, Quick sort, Comp
Traceback (most recent call last):
  File "D:\Syllabus Optimizer\test_optimization.py", line 130, in <module>
    test_optimization()
    ~~~~~~~~~~~~~~~~~^^
  File "D:\Syllabus Optimizer\test_optimization.py", line 121, in test_optimization
    print(f"  - {topic_str}")
    ~~~~~^^^^^^^^^^^^^^^^^^^^
  File "C:\Python313\Lib\encodings\cp1252.py", line 19, in encode
    return codecs.charmap_encode(input,self.errors,encoding_table)[0]
           ~~~~~~~~~~~~~~~~~~~~~^^^^^^^^^^^^^^^^^^^^^^^^^^^^^^^^^^
UnicodeEncodeError: 'charmap' codec can't encode character '\u201f' in position 68: character maps to <undefined>
